2026/03/27 13:11:54:821	BHTCConnectEOL Initialize OK ,BHTC_Station:STATION_TEST,BHTC_StringSeparator:,
2026/03/27 13:12:12:820	BHTCConnectEOL Initialize OK ,BHTC_Station:STATION_TEST,BHTC_StringSeparator:,
2026/03/27 13:13:44:494	[CheckIn] Start  ReleaseIdentNo ,productSn:1,PartNo=01234567
2026/03/27 13:13:47:500	CIM CheckIn OK, SN=1
2026/03/27 13:13:47:512	[CheckIn] Start  ReleaseIdentNo ,productSn:2,PartNo=01234567
2026/03/27 13:13:50:521	CIM CheckIn OK, SN=2
2026/03/27 13:13:50:525	[CheckIn] Start  ReleaseIdentNo ,productSn:3,PartNo=01234567
2026/03/27 13:13:53:527	CIM CheckIn OK, SN=3
2026/03/27 13:13:53:530	[CheckIn] Start  ReleaseIdentNo ,productSn:4,PartNo=01234567
2026/03/27 13:13:56:534	CIM CheckIn OK, SN=4
2026/03/27 13:16:17:339	[ReportResult] Start Report SN=1,Mode=0,CycleTime=149,rackSlotNo=AAA1234,contacted=True,TestStepResultSet=[TSAOI101,Grabber,,,,,OK,TSAOI102,Aligner,,,,,OK,TSAOI103,Processor,,,,,OK,TSAOI104,Reporter,,,,,OK,TSAOI201,Grabber,,,,,OK,TSAOI202,Aligner,,,,,OK,TSAOI203,Processor,,,,,OK,TSAOI204,Reporter,,,,,OK,TSAOI301,Grabber,,,,,OK,TSAOI302,Aligner,,,,,OK,TSAOI303,Processor,,,,,OK,TSAOI304,Reporter,,,,,OK,DTC0,DTC0,00004700,,,,00004700,DTC1,DTC1,00004700,,,,00004700,DTC2,DTC2,00004700,,,,00004700,DTC3,DTC3,00004700,,,,00004700,DTC4,DTC4,00004700,,,,00004700,DTC5,DTC5,00004700,,,,00004700,DTC6,DTC6,00004700,,,,00004700],failureList=[],fileList=[]
2026/03/27 13:16:17:429	[ReportResult]Report OK SN=1
2026/03/27 13:16:17:430	[ReportResult] Start Report SN=2,Mode=0,CycleTime=146,rackSlotNo=AAA1234,contacted=True,TestStepResultSet=[TSAOI101,Grabber,,,,,OK,TSAOI102,Aligner,,,,,OK,TSAOI103,Processor,,,,,OK,TSAOI104,Reporter,,,,,OK,TSAOI201,Grabber,,,,,OK,TSAOI202,Aligner,,,,,OK,TSAOI203,Processor,,,,,OK,TSAOI204,Reporter,,,,,OK,TSAOI301,Grabber,,,,,OK,TSAOI302,Aligner,,,,,OK,TSAOI303,Processor,,,,,OK,TSAOI304,Reporter,,,,,OK,DTC0,DTC0,00004700,,,,00004700,DTC1,DTC1,00004700,,,,00004700,DTC2,DTC2,00004700,,,,00004700,DTC3,DTC3,00004700,,,,00004700,DTC4,DTC4,00004700,,,,00004700,DTC5,DTC5,00004700,,,,00004700,DTC6,DTC6,00004700,,,,00004700],failureList=[],fileList=[]
2026/03/27 13:16:17:431	[ReportResult]Report OK SN=2
2026/03/27 13:16:17:432	[ReportResult] Start Report SN=3,Mode=0,CycleTime=143,rackSlotNo=AAA1234,contacted=True,TestStepResultSet=[TSAOI101,Grabber,,,,,OK,TSAOI102,Aligner,,,,,OK,TSAOI103,Processor,,,,,OK,TSAOI104,Reporter,,,,,OK,TSAOI201,Grabber,,,,,OK,TSAOI202,Aligner,,,,,OK,TSAOI203,Processor,,,,,OK,TSAOI204,Reporter,,,,,OK,TSAOI301,Grabber,,,,,OK,TSAOI302,Aligner,,,,,OK,TSAOI303,Processor,,,,,OK,TSAOI304,Reporter,,,,,OK,DTC0,DTC0,00004700,,,,00004700,DTC1,DTC1,00004700,,,,00004700,DTC2,DTC2,00004700,,,,00004700,DTC3,DTC3,00004700,,,,00004700,DTC4,DTC4,00004700,,,,00004700,DTC5,DTC5,00004700,,,,00004700,DTC6,DTC6,00004700,,,,00004700],failureList=[],fileList=[]
2026/03/27 13:16:17:433	[ReportResult]Report OK SN=3
2026/03/27 13:16:17:434	[ReportResult] Start Report SN=4,Mode=0,CycleTime=140,rackSlotNo=AAA1234,contacted=True,TestStepResultSet=[TSAOI101,Grabber,,,,,OK,TSAOI102,Aligner,,,,,OK,TSAOI103,Processor,,,,,OK,TSAOI104,Reporter,,,,,OK,TSAOI201,Grabber,,,,,OK,TSAOI202,Aligner,,,,,OK,TSAOI203,Processor,,,,,OK,TSAOI204,Reporter,,,,,OK,TSAOI301,Grabber,,,,,OK,TSAOI302,Aligner,,,,,OK,TSAOI303,Processor,,,,,OK,TSAOI304,Reporter,,,,,OK,DTC0,DTC0,00004700,,,,00004700,DTC1,DTC1,00004700,,,,00004700,DTC2,DTC2,00004700,,,,00004700,DTC3,DTC3,00004700,,,,00004700,DTC4,DTC4,00004700,,,,00004700,DTC5,DTC5,00004700,,,,00004700,DTC6,DTC6,00004700,,,,00004700],failureList=[],fileList=[]
2026/03/27 13:16:17:435	[ReportResult]Report OK SN=4
2026/03/27 13:21:24:451	[CheckIn] Start  ReleaseIdentNo ,productSn:1,PartNo=01234567
2026/03/27 13:21:27:461	CIM CheckIn OK, SN=1
2026/03/27 13:21:27:465	[CheckIn] Start  ReleaseIdentNo ,productSn:2,PartNo=01234567
2026/03/27 13:21:30:469	CIM CheckIn OK, SN=2
2026/03/27 13:21:30:472	[CheckIn] Start  ReleaseIdentNo ,productSn:3,PartNo=01234567
2026/03/27 13:21:33:479	CIM CheckIn OK, SN=3
2026/03/27 13:21:33:482	[CheckIn] Start  ReleaseIdentNo ,productSn:4,PartNo=01234567
2026/03/27 13:21:36:489	CIM CheckIn OK, SN=4
2026/03/27 13:26:07:161	[ReportResult] Start Report SN=1,Mode=0,CycleTime=279,rackSlotNo=AAA1234,contacted=True,TestStepResultSet=[TSAOI101,Grabber,,,,,OK,TSAOI102,Aligner,,,,,OK,TSAOI103,Processor,,,,,OK,TSAOI104,Reporter,,,,,OK,TSAOI201,Grabber,,,,,OK,TSAOI202,Aligner,,,,,OK,TSAOI203,Processor,,,,,OK,TSAOI204,Reporter,,,,,OK,TSAOI301,Grabber,,,,,OK,TSAOI302,Aligner,,,,,OK,TSAOI303,Processor,,,,,OK,TSAOI304,Reporter,,,,,OK,DTC0,DTC0,00004700,,,,00004710,DTC1,DTC1,00004700,,,,00004700,DTC2,DTC2,00004700,,,,00004700,DTC3,DTC3,00004700,,,,00004700,DTC4,DTC4,00004700,,,,00004700,DTC5,DTC5,00004700,,,,00004700,DTC6,DTC6,00004700,,,,00004700],failureList=[DTC0,Panel Status00004710 Err],fileList=[D:\Aging Data\OutPut\A02_C132_UnLoad\2026-03-27\FAIL\P1_AAA1234_20260327132554_FAIL.csv]
2026/03/27 13:26:07:249	[ReportResult]Report OK SN=1
2026/03/27 13:26:07:250	[ReportResult] Start Report SN=2,Mode=0,CycleTime=276,rackSlotNo=AAA1234,contacted=True,TestStepResultSet=[TSAOI101,Grabber,,,,,OK,TSAOI102,Aligner,,,,,OK,TSAOI103,Processor,,,,,OK,TSAOI104,Reporter,,,,,OK,TSAOI201,Grabber,,,,,OK,TSAOI202,Aligner,,,,,OK,TSAOI203,Processor,,,,,OK,TSAOI204,Reporter,,,,,OK,TSAOI301,Grabber,,,,,OK,TSAOI302,Aligner,,,,,OK,TSAOI303,Processor,,,,,OK,TSAOI304,Reporter,,,,,OK,DTC0,DTC0,00004700,,,,00004700,DTC1,DTC1,00004700,,,,00004700,DTC2,DTC2,00004700,,,,00004700,DTC3,DTC3,00004700,,,,00004700,DTC4,DTC4,00004700,,,,00004700,DTC5,DTC5,00004700,,,,00004700,DTC6,DTC6,00004700,,,,00004700],failureList=[],fileList=[]
2026/03/27 13:26:07:253	[ReportResult]Report OK SN=2
2026/03/27 13:26:07:254	[ReportResult] Start Report SN=3,Mode=0,CycleTime=273,rackSlotNo=AAA1234,contacted=True,TestStepResultSet=[TSAOI101,Grabber,,,,,OK,TSAOI102,Aligner,,,,,OK,TSAOI103,Processor,,,,,OK,TSAOI104,Reporter,,,,,OK,TSAOI201,Grabber,,,,,OK,TSAOI202,Aligner,,,,,OK,TSAOI203,Processor,,,,,OK,TSAOI204,Reporter,,,,,OK,TSAOI301,Grabber,,,,,OK,TSAOI302,Aligner,,,,,OK,TSAOI303,Processor,,,,,OK,TSAOI304,Reporter,,,,,OK,DTC0,DTC0,00004700,,,,00004700,DTC1,DTC1,00004700,,,,00004700,DTC2,DTC2,00004700,,,,00004700,DTC3,DTC3,00004700,,,,00004700,DTC4,DTC4,00004700,,,,00004700,DTC5,DTC5,00004700,,,,00004700,DTC6,DTC6,00004700,,,,00004700],failureList=[],fileList=[]
2026/03/27 13:26:07:255	[ReportResult]Report OK SN=3
2026/03/27 13:26:07:256	[ReportResult] Start Report SN=4,Mode=0,CycleTime=270,rackSlotNo=AAA1234,contacted=True,TestStepResultSet=[TSAOI101,Grabber,,,,,OK,TSAOI102,Aligner,,,,,OK,TSAOI103,Processor,,,,,OK,TSAOI104,Reporter,,,,,OK,TSAOI201,Grabber,,,,,OK,TSAOI202,Aligner,,,,,OK,TSAOI203,Processor,,,,,OK,TSAOI204,Reporter,,,,,OK,TSAOI301,Grabber,,,,,OK,TSAOI302,Aligner,,,,,OK,TSAOI303,Processor,,,,,OK,TSAOI304,Reporter,,,,,OK,DTC0,DTC0,00004700,,,,00004700,DTC1,DTC1,00004700,,,,00004700,DTC2,DTC2,00004700,,,,00004700,DTC3,DTC3,00004700,,,,00004700,DTC4,DTC4,00004700,,,,00004700,DTC5,DTC5,00004700,,,,00004700,DTC6,DTC6,00004700,,,,00004700],failureList=[],fileList=[]
2026/03/27 13:26:07:258	[ReportResult]Report OK SN=4
2026/03/27 13:29:13:881	[CheckIn] Start  ReleaseIdentNo ,productSn:1,PartNo=01234567
2026/03/27 13:29:16:890	CIM CheckIn OK, SN=1
2026/03/27 13:29:16:894	[CheckIn] Start  ReleaseIdentNo ,productSn:2,PartNo=01234567
2026/03/27 13:29:19:902	CIM CheckIn OK, SN=2
2026/03/27 13:29:19:905	[CheckIn] Start  ReleaseIdentNo ,productSn:3,PartNo=01234567
2026/03/27 13:29:22:910	CIM CheckIn OK, SN=3
2026/03/27 13:29:22:914	[CheckIn] Start  ReleaseIdentNo ,productSn:4,PartNo=01234567
2026/03/27 13:29:25:926	CIM CheckIn OK, SN=4
2026/03/27 13:38:08:142	[ReportResult] Start Report SN=1,Mode=0,CycleTime=531,rackSlotNo=AAA1234,contacted=True,TestStepResultSet=[TSAOI101,Grabber,,,,,OK,TSAOI102,Aligner,,,,,OK,TSAOI103,Processor,,,,,OK,TSAOI104,Reporter,,,,,OK,TSAOI201,Grabber,,,,,OK,TSAOI202,Aligner,,,,,OK,TSAOI203,Processor,,,,,OK,TSAOI204,Reporter,,,,,OK,TSAOI301,Grabber,,,,,OK,TSAOI302,Aligner,,,,,OK,TSAOI303,Processor,,,,,OK,TSAOI304,Reporter,,,,,OK,DTC0,DTC0,00004700,,,,00004700,DTC1,DTC1,00004700,,,,00004700,DTC2,DTC2,00004700,,,,00004700,DTC3,DTC3,00004700,,,,00004700,DTC4,DTC4,00004700,,,,00004700,DTC5,DTC5,00004700,,,,00004700,DTC6,DTC6,00004700,,,,00004700],failureList=[TSAOI101,TM7000-TM7000-TM7000-TM7000 NG],fileList=[D:\MidCamera_Channel1\MidCamera\MidCameraUI\bin\x64\Result\20260327\AAA1234_A1_A2_A3_A4\1.zip]
2026/03/27 13:38:08:329	[ReportResult]Report OK SN=1
2026/03/27 13:38:08:484	[ReportResult] Start Report SN=2,Mode=0,CycleTime=528,rackSlotNo=AAA1234,contacted=True,TestStepResultSet=[TSAOI101,Grabber,,,,,OK,TSAOI102,Aligner,,,,,OK,TSAOI103,Processor,,,,,OK,TSAOI104,Reporter,,,,,OK,TSAOI201,Grabber,,,,,OK,TSAOI202,Aligner,,,,,OK,TSAOI203,Processor,,,,,OK,TSAOI204,Reporter,,,,,OK,TSAOI301,Grabber,,,,,OK,TSAOI302,Aligner,,,,,OK,TSAOI303,Processor,,,,,OK,TSAOI304,Reporter,,,,,OK,DTC0,DTC0,00004700,,,,00004700,DTC1,DTC1,00004700,,,,00004700,DTC2,DTC2,00004700,,,,00004700,DTC3,DTC3,00004700,,,,00004700,DTC4,DTC4,00004700,,,,00004700,DTC5,DTC5,00004700,,,,00004700,DTC6,DTC6,00004700,,,,00004700],failureList=[TSAOI101,TM7000-TM7000-TM7000-TM7000 NG],fileList=[D:\MidCamera_Channel1\MidCamera\MidCameraUI\bin\x64\Result\20260327\AAA1234_A1_A2_A3_A4\2.zip]
2026/03/27 13:38:08:487	[ReportResult]Report OK SN=2
2026/03/27 13:38:08:488	[ReportResult] Start Report SN=3,Mode=0,CycleTime=525,rackSlotNo=AAA1234,contacted=True,TestStepResultSet=[TSAOI101,Grabber,,,,,OK,TSAOI102,Aligner,,,,,OK,TSAOI103,Processor,,,,,OK,TSAOI104,Reporter,,,,,OK,TSAOI201,Grabber,,,,,OK,TSAOI202,Aligner,,,,,OK,TSAOI203,Processor,,,,,OK,TSAOI204,Reporter,,,,,OK,TSAOI301,Grabber,,,,,OK,TSAOI302,Aligner,,,,,OK,TSAOI303,Processor,,,,,OK,TSAOI304,Reporter,,,,,OK,DTC0,DTC0,00004700,,,,00004700,DTC1,DTC1,00004700,,,,00004700,DTC2,DTC2,00004700,,,,00004700,DTC3,DTC3,00004700,,,,00004700,DTC4,DTC4,00004700,,,,00004700,DTC5,DTC5,00004700,,,,00004700,DTC6,DTC6,00004700,,,,00004700],failureList=[TSAOI101,TM7000-TM7000-TM7000-TM7000 NG],fileList=[D:\MidCamera_Channel1\MidCamera\MidCameraUI\bin\x64\Result\20260327\AAA1234_A1_A2_A3_A4\3.zip]
2026/03/27 13:38:08:491	[ReportResult]Report OK SN=3
2026/03/27 13:38:08:491	[ReportResult] Start Report SN=4,Mode=0,CycleTime=522,rackSlotNo=AAA1234,contacted=True,TestStepResultSet=[TSAOI101,Grabber,,,,,OK,TSAOI102,Aligner,,,,,OK,TSAOI103,Processor,,,,,OK,TSAOI104,Reporter,,,,,OK,TSAOI201,Grabber,,,,,OK,TSAOI202,Aligner,,,,,OK,TSAOI203,Processor,,,,,OK,TSAOI204,Reporter,,,,,OK,TSAOI301,Grabber,,,,,OK,TSAOI302,Aligner,,,,,OK,TSAOI303,Processor,,,,,OK,TSAOI304,Reporter,,,,,OK,DTC0,DTC0,00004700,,,,00004700,DTC1,DTC1,00004700,,,,00004700,DTC2,DTC2,00004700,,,,00004700,DTC3,DTC3,00004700,,,,00004700,DTC4,DTC4,00004700,,,,00004700,DTC5,DTC5,00004700,,,,00004700,DTC6,DTC6,00004700,,,,00004700],failureList=[TSAOI101,TM7000-TM7000-TM7000-TM7000 NG],fileList=[D:\MidCamera_Channel1\MidCamera\MidCameraUI\bin\x64\Result\20260327\AAA1234_A1_A2_A3_A4\4.zip]
2026/03/27 13:38:08:494	[ReportResult]Report OK SN=4
2026/03/27 13:39:06:636	[CheckIn] Start  ReleaseIdentNo ,productSn:1,PartNo=01234567
2026/03/27 13:39:09:650	CIM CheckIn OK, SN=1
2026/03/27 13:39:09:658	[CheckIn] Start  ReleaseIdentNo ,productSn:2,PartNo=01234567
2026/03/27 13:39:12:670	CIM CheckIn OK, SN=2
2026/03/27 13:39:12:674	[CheckIn] Start  ReleaseIdentNo ,productSn:3,PartNo=01234567
2026/03/27 13:39:15:676	CIM CheckIn OK, SN=3
2026/03/27 13:39:15:682	[CheckIn] Start  ReleaseIdentNo ,productSn:4,PartNo=01234567
2026/03/27 13:39:18:687	CIM CheckIn OK, SN=4
2026/03/27 13:42:25:448	BHTCConnectEOL Initialize OK ,BHTC_Station:STATION_TEST,BHTC_StringSeparator:,
